Return	[]
Return	[]
Return	[[$["mute":false, "name":"Master", "volume":80], $["mute":false, "name":"CD", "volume":90]]]
