Return	[]
Return	[$["device":"SB Live! EMU10000", "unique_key":"CvwD.k1dGGUobcK9", "vendor":"Creative Labs", "vendor_id":69890]]
Return	[]
Return	[$["device":"SB Live! EMU10000", "unique_key":"CvwD.k1dGGUobcK9", "vendor":"Creative Labs", "vendor_id":69890]]
Return	[]
Return	[$["bus":"PCI", "class_id":4, "device":"SB Live! EMU10000", "device_id":65538, "drivers":[$["active":false, "modprobe":true, "modules":[["emu10k1", ""]]]], "resource":$["io":[$["active":true, "length":0, "mode":"rw", "start":49152]], "irq":[$["count":1146364, "enabled":true, "irq":10]]], "rev":"7", "sub_class_id":1, "sub_device":"CT4830 SBLive! Value", "sub_device_id":98342, "sub_vendor":"Creative Labs", "sub_vendor_id":69890, "unique_key":"CvwD.k1dGGUobcK9", "vendor":"Creative Labs", "vendor_id":69890]]
Return	[$["bus":"PCI", "class_id":4, "device":"SB Live! EMU10000", "device_id":65538, "drivers":[$["active":false, "modprobe":true, "modules":[["emu10k1", ""]]]], "resource":$["io":[$["active":true, "length":0, "mode":"rw", "start":49152]], "irq":[$["count":1146364, "enabled":true, "irq":10]]], "rev":"7", "sub_class_id":1, "sub_device":"CT4830 SBLive! Value", "sub_device_id":98342, "sub_vendor":"Creative Labs", "sub_vendor_id":69890, "unique_key":"CvwD.k1dGGUobcK9", "vendor":"Creative Labs", "vendor_id":69890], $["bus":"PCI", "class_id":4, "device":"AC97 Audio Controller", "device_id":77912, "drivers":[$["active":false, "modprobe":true, "modules":[["via82cxxx_audio", ""]]]], "resource":$["io":[$["active":true, "length":0, "mode":"rw", "start":55296], $["active":true, "length":0, "mode":"rw", "start":56320], $["active":true, "length":0, "mode":"rw", "start":57344]], "irq":[$["count":1146364, "enabled":true, "irq":10]]], "rev":"32", "sub_class_id":1, "sub_device_id":100613, "sub_vendor":"FIRST INTERNATIONAL Computer Inc", "sub_vendor_id":70921, "unique_key":"hB6S.CxYdteFTb8D", "vendor":"VIA Technologies, Inc.", "vendor_id":69894]]
