Return	[]
Return	[]
Return	[[["Master", 80, false], ["CD", 90, false]]]
Return	[[["Master", 80, false], ["CD", 90, false]]]
