Return	false
Return	false
Return	false
Return	false
Return	true
Return	true
Return	[`item (`id (0), "item1", false), `item (`id (1), "item2", true), `item (`id (2), "item3", false)]
Return	[`item (`id (0), "item1", false), `item (`id (1), "item2", false), `item (`id (2), "item3", false)]
